[
    {
        "data": "{\"name\":\"Alice\",\"age\":30},{\"name\":\"Bob\",\"age\":25}",
        "data2": "{\"name\":\"Darcy\",\"age\":30},{\"name\":\"Effie\",\"age\":25}"
    },
    {
        "data": "{\"name\":\"Charlie\",\"age\":40}",
        "data2": "{\"name\":\"Gerard\",\"age\":40},{\"name\":\"Henry\",\"age\":30},{\"name\":\"Iggy\",\"age\":25}"
    },
    {
        "data": "",
        "data2": "{\"name\":\"Juliet\",\"age\":40}"
    }
]